nohup: ignoring input
计时器已启动：3 小时后将重启实验...
[Sun May  3 07:46:37 CST 2026] 正在重启实验...
Starting 4 AlfWorld Environment Services starting at port 36001...
Waiting for services to become healthy...
Checking http://127.0.0.1:36001...
Port 36001 is healthy.
Checking http://127.0.0.1:36002...
Port 36002 is healthy.
Checking http://127.0.0.1:36003...
Port 36003 is healthy.
Checking http://127.0.0.1:36004...
Port 36004 is healthy.
Starting GRPO Training...
--------------------------------------------------
AlfWorld Training Cluster Launched!
Number of Envs:      4
Base Port:           36001
Environment Session: alfworld_env_cluster_36001
Training Session:    alfworld_grpo_train
Training Log:        /inspire/hdd/project/robot-reasoning/xuyue-p-xuyue/cy/AgentGym-RL/runlogs/alfworld_grpo_qwen2.5_3b_add_20260502_234637/train.log
--------------------------------------------------
重启指令已发送。
